// Jest Snapshot v1, https://goo.gl/fbAQLP

exports[`Snapshot of withAudio withAudio is rendered correctly 1`] = `
<div>
  <audio />
</div>
`;
